
Administrator@fengzhihome MINGW64 /e/codecode
$ ssh-keygen -t rsa -b 4096 -C "fengxiaoyang163@163.com"
Generating public/private rsa key pair.
Enter file in which to save the key (/c/Users/Administrator.SC-201907162234/.ssh/id_rsa):
Enter passphrase (empty for no passphrase):
Enter same passphrase again:
Your identification has been saved in /c/Users/Administrator.SC-201907162234/.ssh/id_rsa.
Your public key has been saved in /c/Users/Administrator.SC-201907162234/.ssh/id_rsa.pub.
The key fingerprint is:
SHA256:w9ydKHy9sC0KP7e68m/97Cx5DHvcHhQqvdp/EcVUwbc fengxiaoyang163@163.com
The key's randomart image is:
+---[RSA 4096]----+
|              .+=|
|               .+|
|               .+|
|       + . +...E.|
|        S =.+o ..|
|         + +o.o. |
|      .   o.oB o.|
|      .o..o.Bo= +|
|       o*Boo B*oo|
+----[SHA256]-----+

Administrator@fengzhihome MINGW64 /e/codecode
$ clip < ~/.ssh/id_rsa.pub

Administrator@fengzhihome MINGW64 /e/codecode
$ cd demo/

Administrator@fengzhihome MINGW64 /e/codecode/demo (master)
$ git status
On branch master
Your branch is up to date with 'origin/master'.

nothing to commit, working tree clean

Administrator@fengzhihome MINGW64 /e/codecode/demo (master)
$ git add first.txt
fatal: pathspec 'first.txt' did not match any files

Administrator@fengzhihome MINGW64 /e/codecode/demo (master)
$ git status
On branch master
Your branch is up to date with 'origin/master'.

nothing to commit, working tree clean

Administrator@fengzhihome MINGW64 /e/codecode/demo (master)
$ git add first.txt
fatal: pathspec 'first.txt' did not match any files

Administrator@fengzhihome MINGW64 /e/codecode/demo (master)
$ git status
On branch master
Your branch is up to date with 'origin/master'.

nothing to commit, working tree clean

Administrator@fengzhihome MINGW64 /e/codecode/demo (master)
$ git commit -m "first commit"

*** Please tell me who you are.

Run

  git config --global user.email "you@example.com"
  git config --global user.name "Your Name"

to set your account's default identity.
Omit --global to set the identity only in this repository.

fatal: unable to auto-detect email address (got 'Administrator@fengzhihome.(none)')

Administrator@fengzhihome MINGW64 /e/codecode/demo (master)
$ git config --global user.amail = fengxiaoyang163@163.com

Administrator@fengzhihome MINGW64 /e/codecode/demo (master)
$ git config --global user.name fengyunzaidushi

Administrator@fengzhihome MINGW64 /e/codecode/demo (master)
$ git commit -m "first commit"

*** Please tell me who you are.

Run

  git config --global user.email "you@example.com"
  git config --global user.name "Your Name"

to set your account's default identity.
Omit --global to set the identity only in this repository.

fatal: unable to auto-detect email address (got 'Administrator@fengzhihome.(none)')

Administrator@fengzhihome MINGW64 /e/codecode/demo (master)
$ git config --global user.email "fengxiaoyang163@163.com"

Administrator@fengzhihome MINGW64 /e/codecode/demo (master)
$ git config --global user.name "fengyunzaidushi"

Administrator@fengzhihome MINGW64 /e/codecode/demo (master)
$ git commit -m "first commit"
On branch master
Your branch is up to date with 'origin/master'.

nothing to commit, working tree clean

Administrator@fengzhihome MINGW64 /e/codecode/demo (master)
$ git commit -m "first commit"
On branch master
Your branch is up to date with 'origin/master'.

nothing to commit, working tree clean

Administrator@fengzhihome MINGW64 /e/codecode/demo (master)
$ git config --global user.email fengxiaoyang163@163.com

Administrator@fengzhihome MINGW64 /e/codecode/demo (master)
$ git config --global user.name fengyunzaidushi

Administrator@fengzhihome MINGW64 /e/codecode/demo (master)
$ git commit -m "first commit"
On branch master
Your branch is up to date with 'origin/master'.

nothing to commit, working tree clean

Administrator@fengzhihome MINGW64 /e/codecode/demo (master)
$ git status
On branch master
Your branch is up to date with 'origin/master'.

nothing to commit, working tree clean

Administrator@fengzhihome MINGW64 /e/codecode/demo (master)
$ git log
commit 4809ba9e67598b4b3b3d7bd3a00ba2e88c44a53f (HEAD -> master, origin/master, origin/HEAD)
Author: fengyunzaidushi <53250064+fengyunzaidushi@users.noreply.github.com>
Date:   Sun Oct 20 14:50:41 2019 +0800

    Initial commit

Administrator@fengzhihome MINGW64 /e/codecode/demo (master)
$ get status
bash: get: command not found

Administrator@fengzhihome MINGW64 /e/codecode/demo (master)
$ git status
On branch master
Your branch is up to date with 'origin/master'.

Untracked files:
  (use "git add <file>..." to include in what will be committed)
        first.txt

nothing added to commit but untracked files present (use "git add" to track)

Administrator@fengzhihome MINGW64 /e/codecode/demo (master)
$ git add first.txt

Administrator@fengzhihome MINGW64 /e/codecode/demo (master)
$ git status
On branch master
Your branch is up to date with 'origin/master'.

Changes to be committed:
  (use "git restore --staged <file>..." to unstage)
        new file:   first.txt


Administrator@fengzhihome MINGW64 /e/codecode/demo (master)
$ git commit -m "first commit"
[master 9e646a3] first commit
 1 file changed, 0 insertions(+), 0 deletions(-)
 create mode 100644 first.txt

Administrator@fengzhihome MINGW64 /e/codecode/demo (master)
$ git status
On branch master
Your branch is ahead of 'origin/master' by 1 commit.
  (use "git push" to publish your local commits)

nothing to commit, working tree clean

Administrator@fengzhihome MINGW64 /e/codecode/demo (master)
$ git loh
git: 'loh' is not a git command. See 'git --help'.

The most similar command is
        log

Administrator@fengzhihome MINGW64 /e/codecode/demo (master)
$ git log
commit 9e646a3b2a37e301f18873263dc93702c459a720 (HEAD -> master)
Author: fengyunzaidushi <fengxiaoyang163@163.com>
Date:   Sun Oct 20 16:07:53 2019 +0800

    first commit

commit 4809ba9e67598b4b3b3d7bd3a00ba2e88c44a53f (origin/master, origin/HEAD)
Author: fengyunzaidushi <53250064+fengyunzaidushi@users.noreply.github.com>
Date:   Sun Oct 20 14:50:41 2019 +0800

    Initial commit

Administrator@fengzhihome MINGW64 /e/codecode/demo (master)
$ git show 9e646a3b2a37e301f18873263dc93702c459a720
commit 9e646a3b2a37e301f18873263dc93702c459a720 (HEAD -> master)
Author: fengyunzaidushi <fengxiaoyang163@163.com>
Date:   Sun Oct 20 16:07:53 2019 +0800

    first commit

diff --git a/first.txt b/first.txt
new file mode 100644
index 0000000..e69de29

Administrator@fengzhihome MINGW64 /e/codecode/demo (master)
$ git reset 4809ba9e67598b4b3b3d7bd3a00ba2e88c44a53f

Administrator@fengzhihome MINGW64 /e/codecode/demo (master)
$ git status
On branch master
Your branch is up to date with 'origin/master'.

Untracked files:
  (use "git add <file>..." to include in what will be committed)
        first.txt

nothing added to commit but untracked files present (use "git add" to track)

Administrator@fengzhihome MINGW64 /e/codecode/demo (master)
$ git log
commit 4809ba9e67598b4b3b3d7bd3a00ba2e88c44a53f (HEAD -> master, origin/master, origin/HEAD)
Author: fengyunzaidushi <53250064+fengyunzaidushi@users.noreply.github.com>
Date:   Sun Oct 20 14:50:41 2019 +0800

    Initial commit

Administrator@fengzhihome MINGW64 /e/codecode/demo (master)
$ git add .

Administrator@fengzhihome MINGW64 /e/codecode/demo (master)
$ git status
On branch master
Your branch is up to date with 'origin/master'.

Changes to be committed:
  (use "git restore --staged <file>..." to unstage)
        new file:   first.txt


Administrator@fengzhihome MINGW64 /e/codecode/demo (master)
$ git commit -m "first commit"
[master 6dcbbc1] first commit
 1 file changed, 0 insertions(+), 0 deletions(-)
 create mode 100644 first.txt

Administrator@fengzhihome MINGW64 /e/codecode/demo (master)
$ git log
commit 6dcbbc19a53adb4700ab9b9b7a2fbf0ddf2f346d (HEAD -> master)
Author: fengyunzaidushi <fengxiaoyang163@163.com>
Date:   Sun Oct 20 16:14:59 2019 +0800

    first commit

commit 4809ba9e67598b4b3b3d7bd3a00ba2e88c44a53f (origin/master, origin/HEAD)
Author: fengyunzaidushi <53250064+fengyunzaidushi@users.noreply.github.com>
Date:   Sun Oct 20 14:50:41 2019 +0800

    Initial commit

Administrator@fengzhihome MINGW64 /e/codecode/demo (master)
$ git status
On branch master
Your branch is ahead of 'origin/master' by 1 commit.
  (use "git push" to publish your local commits)

nothing to commit, working tree clean

Administrator@fengzhihome MINGW64 /e/codecode/demo (master)
$ git push
Warning: Permanently added the RSA host key for IP address '13.229.188.59' to the list of known hosts.
Enumerating objects: 4, done.
Counting objects: 100% (4/4), done.
Delta compression using up to 4 threads
Compressing objects: 100% (2/2), done.
Writing objects: 100% (3/3), 317 bytes | 317.00 KiB/s, done.
Total 3 (delta 0), reused 0 (delta 0)
To github.com:fengyunzaidushi/demo.git
   4809ba9..6dcbbc1  master -> master

Administrator@fengzhihome MINGW64 /e/codecode/demo (master)
$
